----------------------------------------------------------------
Fri May 01 13:31:47 PDT 2026:
Booting Derby version The Apache Software Foundation - Apache Derby - 10.17.1.0 - (1913217): instance a816c00e-019d-e53d-83c0-000016f06b30 
on database directory memory:/Users/roman/Projects/DScope/CamelPersistence/camel-persistence-jdbc/camelPersistenceTest07948077e3e441558a024abdcbee98a5 with class loader jdk.internal.loader.ClassLoaders$AppClassLoader@1cf4f579 
Loaded from file:/Users/roman/.m2/repository/org/apache/derby/derby/10.17.1.0/derby-10.17.1.0.jar
java.vendor=Oracle Corporation
java.runtime.version=21.0.2+13-58
user.dir=/Users/roman/Projects/DScope/CamelPersistence/camel-persistence-jdbc
os.name=Mac OS X
os.arch=aarch64
os.version=15.7.5
derby.system.home=null
Database Class Loader started - derby.database.classpath=''
----------------------------------------------------------------
Fri May 01 13:31:47 PDT 2026:
Booting Derby version The Apache Software Foundation - Apache Derby - 10.17.1.0 - (1913217): instance 69c68125-019d-e53d-83c0-000016f06b30 
on database directory memory:/Users/roman/Projects/DScope/CamelPersistence/camel-persistence-jdbc/camelPersistenceTest04bda2a586bd417580479c79c7c62f28 with class loader jdk.internal.loader.ClassLoaders$AppClassLoader@1cf4f579 
Loaded from file:/Users/roman/.m2/repository/org/apache/derby/derby/10.17.1.0/derby-10.17.1.0.jar
java.vendor=Oracle Corporation
java.runtime.version=21.0.2+13-58
user.dir=/Users/roman/Projects/DScope/CamelPersistence/camel-persistence-jdbc
os.name=Mac OS X
os.arch=aarch64
os.version=15.7.5
derby.system.home=null
Database Class Loader started - derby.database.classpath=''
----------------------------------------------------------------
Fri May 01 13:31:47 PDT 2026:
Booting Derby version The Apache Software Foundation - Apache Derby - 10.17.1.0 - (1913217): instance db988235-019d-e53d-83c0-000016f06b30 
on database directory memory:/Users/roman/Projects/DScope/CamelPersistence/camel-persistence-jdbc/camelPersistenceTest6ca7c683b5b84e5d8e97d70f77d6492f with class loader jdk.internal.loader.ClassLoaders$AppClassLoader@1cf4f579 
Loaded from file:/Users/roman/.m2/repository/org/apache/derby/derby/10.17.1.0/derby-10.17.1.0.jar
java.vendor=Oracle Corporation
java.runtime.version=21.0.2+13-58
user.dir=/Users/roman/Projects/DScope/CamelPersistence/camel-persistence-jdbc
os.name=Mac OS X
os.arch=aarch64
os.version=15.7.5
derby.system.home=null
Database Class Loader started - derby.database.classpath=''
----------------------------------------------------------------
Fri May 01 13:31:47 PDT 2026:
Booting Derby version The Apache Software Foundation - Apache Derby - 10.17.1.0 - (1913217): instance d2680341-019d-e53d-83c0-000016f06b30 
on database directory memory:/Users/roman/Projects/DScope/CamelPersistence/camel-persistence-jdbc/camelPersistenceContractddef4228ca61474ab0d298d7a9743e6a with class loader jdk.internal.loader.ClassLoaders$AppClassLoader@1cf4f579 
Loaded from file:/Users/roman/.m2/repository/org/apache/derby/derby/10.17.1.0/derby-10.17.1.0.jar
java.vendor=Oracle Corporation
java.runtime.version=21.0.2+13-58
user.dir=/Users/roman/Projects/DScope/CamelPersistence/camel-persistence-jdbc
os.name=Mac OS X
os.arch=aarch64
os.version=15.7.5
derby.system.home=null
Database Class Loader started - derby.database.classpath=''
----------------------------------------------------------------
Fri May 01 13:31:47 PDT 2026:
Booting Derby version The Apache Software Foundation - Apache Derby - 10.17.1.0 - (1913217): instance d3aa0451-019d-e53d-83c0-000016f06b30 
on database directory memory:/Users/roman/Projects/DScope/CamelPersistence/camel-persistence-jdbc/camelPersistenceContract2aaa0d186375442e9c6e60e1b2649b4c with class loader jdk.internal.loader.ClassLoaders$AppClassLoader@1cf4f579 
Loaded from file:/Users/roman/.m2/repository/org/apache/derby/derby/10.17.1.0/derby-10.17.1.0.jar
java.vendor=Oracle Corporation
java.runtime.version=21.0.2+13-58
user.dir=/Users/roman/Projects/DScope/CamelPersistence/camel-persistence-jdbc
os.name=Mac OS X
os.arch=aarch64
os.version=15.7.5
derby.system.home=null
Database Class Loader started - derby.database.classpath=''
----------------------------------------------------------------
Fri May 01 13:31:47 PDT 2026:
Booting Derby version The Apache Software Foundation - Apache Derby - 10.17.1.0 - (1913217): instance 85414567-019d-e53d-83c0-000016f06b30 
on database directory memory:/Users/roman/Projects/DScope/CamelPersistence/camel-persistence-jdbc/camelPersistenceContract08f15a41a38f433a9bc692e2fb78a8b4 with class loader jdk.internal.loader.ClassLoaders$AppClassLoader@1cf4f579 
Loaded from file:/Users/roman/.m2/repository/org/apache/derby/derby/10.17.1.0/derby-10.17.1.0.jar
java.vendor=Oracle Corporation
java.runtime.version=21.0.2+13-58
user.dir=/Users/roman/Projects/DScope/CamelPersistence/camel-persistence-jdbc
os.name=Mac OS X
os.arch=aarch64
os.version=15.7.5
derby.system.home=null
Database Class Loader started - derby.database.classpath=''
----------------------------------------------------------------
Fri May 01 13:31:47 PDT 2026:
Booting Derby version The Apache Software Foundation - Apache Derby - 10.17.1.0 - (1913217): instance d226c673-019d-e53d-83c0-000016f06b30 
on database directory memory:/Users/roman/Projects/DScope/CamelPersistence/camel-persistence-jdbc/camelPersistenceContractedafca45ad9643138d49ccca030538b4 with class loader jdk.internal.loader.ClassLoaders$AppClassLoader@1cf4f579 
Loaded from file:/Users/roman/.m2/repository/org/apache/derby/derby/10.17.1.0/derby-10.17.1.0.jar
java.vendor=Oracle Corporation
java.runtime.version=21.0.2+13-58
user.dir=/Users/roman/Projects/DScope/CamelPersistence/camel-persistence-jdbc
os.name=Mac OS X
os.arch=aarch64
os.version=15.7.5
derby.system.home=null
Database Class Loader started - derby.database.classpath=''
